node.exe : FAIL tests/unit/payroll-calculations.test.ts
At line:1 char:1
+ & "C:\Program Files\nodejs/node.exe" "C:\Program Files\nodejs/node_mo ...
+ ~~~~~~~~~~~~~~~~~~~~~~~~~~~~~~~~~~~~~~~~~~~~~~~~~~~~~~~~~~~~~~~~~~~~~
    + CategoryInfo          : NotSpecified: (FAIL tests/unit...lations.test.ts:String) [], RemoteException
    + FullyQualifiedErrorId : NativeCommandError
 
  Payroll Calculations with Real Data
    ΓêÜ should calculate Josephine's payroll correctly for the 15th (3 ms)
    ├ù should calculate Eddie's payroll correctly for the end of month (3 ms)
    ΓêÜ should respect selectedDeductions for Josephine

  ΓùÅ Payroll Calculations with Real Data ΓÇ║ should calculate Eddie's payroll correctly for the end of month

    expect(received).toBe(expected) // Object.is equality

    Expected: 2675
    Received: 5648.07

    [0m [90m 56 |[39m
     [90m 57 |[39m             [36mconst[39m expectedDeductions [33m=[39m [35m675[39m [33m+[39m [35m2000[39m[33m;[39m
    [31m[1m>[22m[39m[90m 58 |[39m             expect(result[33m.[39mdeductions)[33m.[39mtoBe(expectedDeductions)[33m;[39m
     [90m    |[39m                                       [31m[1m^[22m[39m
     [90m 59 |[39m             expect(result[33m.[39mnet_pay)[33m.[39mtoBe([35m6780[39m [33m+[39m [35m500[39m [33m-[39m expectedDeductions)[33m;[39m [90m// Allowance 1000 / 2 = 500[39m
     [90m 60 |[39m         }
     [90m 61 |[39m     })[33m;[39m[0m

      at Object.toBe (tests/unit/payroll-calculations.test.ts:58:39)

Test Suites: 1 failed, 1 total
Tests:       1 failed, 2 passed, 3 total
Snapshots:   0 total
Time:        0.777 s, estimated 1 s
Ran all test suites matching tests/unit/payroll-calculations.test.ts.
